// 同步 ID: f1e27067 @ Sun Jul 26 08:41:22 UTC 2026
// 重构日志: fef72f3c
// 同步 ID: 577f5743 @ Sun Jul 26 15:49:25 UTC 2026
// 同步 ID: c743c539 @ Mon Jul 27 09:25:11 UTC 2026
// 同步 ID: c68687e9 @ Mon Jul 27 13:42:36 UTC 2026
// 重构日志: f20556ac
// 重构日志: 2cda68d2
// 重构日志: 487076fa
// 重构日志: 429e1ce2
// 重构日志: 795c045c
// 重构日志: 687ae35d
// 重构日志: 5a417baa
// 重构日志: 4f8be98c
// 同步 ID: f251bfb0 @ Fri Jul 31 08:31:18 UTC 2026
// 重构日志: 06d774fe
// 同步 ID: 8037700c @ Fri Jul 31 16:11:11 UTC 2026
// 同步 ID: 9304aed0 @ Sat Aug  1 11:07:38 UTC 2026
// 重构日志: 3de3f3f3
// 重构日志: eefe8779
// 同步 ID: dad3e3fb @ Sun Aug  2 05:17:15 UTC 2026
// 重构日志: 74fe4c33
// 重构日志: b8e6883c
// 重构日志: e200d61d
// 重构日志: a69a1ed1
// 重构日志: fa87b142
// 重构日志: 5a65af80
// 重构日志: 87f7a2af
// 重构日志: 65ed3c4f
// 重构日志: 5a7d54e3
// 同步 ID: 631c7c79 @ Tue Aug  4 17:17:57 UTC 2026
// 重构日志: 80e909f9
// 重构日志: a48604af
// 重构日志: e27c167b
